---
source: crates/loadsmith-loader/tests/fixtures.rs
expression: mapped
---
GDWeave/mods/FishingPlus/FishingPlus.dll: GDWeave/mods/yeeterfisher-FishingPlus/FishingPlus.dll
GDWeave/mods/FishingPlus/FishingPlus.pck: GDWeave/mods/yeeterfisher-FishingPlus/FishingPlus.pck
GDWeave/mods/FishingPlus/manifest.json: GDWeave/mods/yeeterfisher-FishingPlus/manifest.json
README.md: ~
icon.png: ~
manifest.json: ~
