---
source: crates/loadsmith-loader/tests/fixtures.rs
expression: mapped
---
".gitattributes": ~
LICENSE: ~
Logo.pdn: ~
Logo.png: ~
README.md: ~
assets/Slide1.PNG: ~
assets/Slide2.PNG: ~
assets/Slide3.PNG: ~
assets/Slide4.PNG: ~
icon.png: ~
manifest.json: ~
mods/EladNLG.HUDRevampv2/keyvalues/resource/basemodui_scheme.res: R2Northstar/mods/EladNLG.HUDRevampv2/keyvalues/resource/basemodui_scheme.res
mods/EladNLG.HUDRevampv2/keyvalues/resource/fontfiletable.txt: R2Northstar/mods/EladNLG.HUDRevampv2/keyvalues/resource/fontfiletable.txt
mods/EladNLG.HUDRevampv2/keyvalues/resource/hudscriptedscheme.res: R2Northstar/mods/EladNLG.HUDRevampv2/keyvalues/resource/hudscriptedscheme.res
mods/EladNLG.HUDRevampv2/keyvalues/resource/ui/hudscripted_mp.res: R2Northstar/mods/EladNLG.HUDRevampv2/keyvalues/resource/ui/hudscripted_mp.res
mods/EladNLG.HUDRevampv2/keyvalues/resource/ui/menus/panels/hud_panels.res: R2Northstar/mods/EladNLG.HUDRevampv2/keyvalues/resource/ui/menus/panels/hud_panels.res
mods/EladNLG.HUDRevampv2/keyvalues/scripts/aisettings/copy_npc.py: R2Northstar/mods/EladNLG.HUDRevampv2/keyvalues/scripts/aisettings/copy_npc.py
mods/EladNLG.HUDRevampv2/keyvalues/scripts/aisettings/npc_drone.txt: R2Northstar/mods/EladNLG.HUDRevampv2/keyvalues/scripts/aisettings/npc_drone.txt
mods/EladNLG.HUDRevampv2/keyvalues/scripts/aisettings/npc_dropship.txt: R2Northstar/mods/EladNLG.HUDRevampv2/keyvalues/scripts/aisettings/npc_dropship.txt
mods/EladNLG.HUDRevampv2/keyvalues/scripts/aisettings/npc_dropship_hero.txt: R2Northstar/mods/EladNLG.HUDRevampv2/keyvalues/scripts/aisettings/npc_dropship_hero.txt
mods/EladNLG.HUDRevampv2/keyvalues/scripts/aisettings/npc_frag_drone.txt: R2Northstar/mods/EladNLG.HUDRevampv2/keyvalues/scripts/aisettings/npc_frag_drone.txt
mods/EladNLG.HUDRevampv2/keyvalues/scripts/aisettings/npc_gunship.txt: R2Northstar/mods/EladNLG.HUDRevampv2/keyvalues/scripts/aisettings/npc_gunship.txt
mods/EladNLG.HUDRevampv2/keyvalues/scripts/aisettings/npc_marvin.txt: R2Northstar/mods/EladNLG.HUDRevampv2/keyvalues/scripts/aisettings/npc_marvin.txt
mods/EladNLG.HUDRevampv2/keyvalues/scripts/aisettings/npc_pilot_elite.txt: R2Northstar/mods/EladNLG.HUDRevampv2/keyvalues/scripts/aisettings/npc_pilot_elite.txt
mods/EladNLG.HUDRevampv2/keyvalues/scripts/aisettings/npc_prowler.txt: R2Northstar/mods/EladNLG.HUDRevampv2/keyvalues/scripts/aisettings/npc_prowler.txt
mods/EladNLG.HUDRevampv2/keyvalues/scripts/aisettings/npc_soldier.txt: R2Northstar/mods/EladNLG.HUDRevampv2/keyvalues/scripts/aisettings/npc_soldier.txt
mods/EladNLG.HUDRevampv2/keyvalues/scripts/aisettings/npc_spectre.txt: R2Northstar/mods/EladNLG.HUDRevampv2/keyvalues/scripts/aisettings/npc_spectre.txt
mods/EladNLG.HUDRevampv2/keyvalues/scripts/aisettings/npc_stalker.txt: R2Northstar/mods/EladNLG.HUDRevampv2/keyvalues/scripts/aisettings/npc_stalker.txt
mods/EladNLG.HUDRevampv2/keyvalues/scripts/aisettings/npc_super_spectre.txt: R2Northstar/mods/EladNLG.HUDRevampv2/keyvalues/scripts/aisettings/npc_super_spectre.txt
mods/EladNLG.HUDRevampv2/keyvalues/scripts/aisettings/npc_super_spectre_aitdm.txt: R2Northstar/mods/EladNLG.HUDRevampv2/keyvalues/scripts/aisettings/npc_super_spectre_aitdm.txt
mods/EladNLG.HUDRevampv2/keyvalues/scripts/aisettings/npc_super_spectre_burnmeter.txt: R2Northstar/mods/EladNLG.HUDRevampv2/keyvalues/scripts/aisettings/npc_super_spectre_burnmeter.txt
mods/EladNLG.HUDRevampv2/keyvalues/scripts/aisettings/npc_super_spectre_fd.txt: R2Northstar/mods/EladNLG.HUDRevampv2/keyvalues/scripts/aisettings/npc_super_spectre_fd.txt
mods/EladNLG.HUDRevampv2/keyvalues/scripts/aisettings/npc_titan.txt: R2Northstar/mods/EladNLG.HUDRevampv2/keyvalues/scripts/aisettings/npc_titan.txt
mods/EladNLG.HUDRevampv2/keyvalues/scripts/aisettings/npc_titan_atlas_stickybomb_bounty.txt: R2Northstar/mods/EladNLG.HUDRevampv2/keyvalues/scripts/aisettings/npc_titan_atlas_stickybomb_bounty.txt
mods/EladNLG.HUDRevampv2/keyvalues/scripts/aisettings/npc_titan_atlas_tracker_bounty.txt: R2Northstar/mods/EladNLG.HUDRevampv2/keyvalues/scripts/aisettings/npc_titan_atlas_tracker_bounty.txt
mods/EladNLG.HUDRevampv2/keyvalues/scripts/aisettings/npc_titan_atlas_vanguard_bounty.txt: R2Northstar/mods/EladNLG.HUDRevampv2/keyvalues/scripts/aisettings/npc_titan_atlas_vanguard_bounty.txt
mods/EladNLG.HUDRevampv2/keyvalues/scripts/aisettings/npc_titan_buddy.txt: R2Northstar/mods/EladNLG.HUDRevampv2/keyvalues/scripts/aisettings/npc_titan_buddy.txt
mods/EladNLG.HUDRevampv2/keyvalues/scripts/aisettings/npc_titan_ogre_legion_prime_bounty.txt: R2Northstar/mods/EladNLG.HUDRevampv2/keyvalues/scripts/aisettings/npc_titan_ogre_legion_prime_bounty.txt
mods/EladNLG.HUDRevampv2/keyvalues/scripts/aisettings/npc_titan_ogre_meteor_bounty.txt: R2Northstar/mods/EladNLG.HUDRevampv2/keyvalues/scripts/aisettings/npc_titan_ogre_meteor_bounty.txt
mods/EladNLG.HUDRevampv2/keyvalues/scripts/aisettings/npc_titan_ogre_minigun_bounty.txt: R2Northstar/mods/EladNLG.HUDRevampv2/keyvalues/scripts/aisettings/npc_titan_ogre_minigun_bounty.txt
mods/EladNLG.HUDRevampv2/keyvalues/scripts/aisettings/npc_titan_ogre_scorch_prime_bounty.txt: R2Northstar/mods/EladNLG.HUDRevampv2/keyvalues/scripts/aisettings/npc_titan_ogre_scorch_prime_bounty.txt
mods/EladNLG.HUDRevampv2/keyvalues/scripts/aisettings/npc_titan_sarah.txt: R2Northstar/mods/EladNLG.HUDRevampv2/keyvalues/scripts/aisettings/npc_titan_sarah.txt
mods/EladNLG.HUDRevampv2/keyvalues/scripts/aisettings/npc_titan_stryder_leadwall_bounty.txt: R2Northstar/mods/EladNLG.HUDRevampv2/keyvalues/scripts/aisettings/npc_titan_stryder_leadwall_bounty.txt
mods/EladNLG.HUDRevampv2/keyvalues/scripts/aisettings/npc_titan_stryder_northstar_prime_bounty.txt: R2Northstar/mods/EladNLG.HUDRevampv2/keyvalues/scripts/aisettings/npc_titan_stryder_northstar_prime_bounty.txt
mods/EladNLG.HUDRevampv2/keyvalues/scripts/aisettings/npc_titan_stryder_sniper_bounty.txt: R2Northstar/mods/EladNLG.HUDRevampv2/keyvalues/scripts/aisettings/npc_titan_stryder_sniper_bounty.txt
mods/EladNLG.HUDRevampv2/keyvalues/scripts/aisettings/npc_titan_vanguard.txt: R2Northstar/mods/EladNLG.HUDRevampv2/keyvalues/scripts/aisettings/npc_titan_vanguard.txt
mods/EladNLG.HUDRevampv2/keyvalues/scripts/aisettings/npc_turret_mega.txt: R2Northstar/mods/EladNLG.HUDRevampv2/keyvalues/scripts/aisettings/npc_turret_mega.txt
mods/EladNLG.HUDRevampv2/keyvalues/scripts/aisettings/npc_turret_mega_attrition.txt: R2Northstar/mods/EladNLG.HUDRevampv2/keyvalues/scripts/aisettings/npc_turret_mega_attrition.txt
mods/EladNLG.HUDRevampv2/keyvalues/scripts/aisettings/npc_turret_mega_fortwar.txt: R2Northstar/mods/EladNLG.HUDRevampv2/keyvalues/scripts/aisettings/npc_turret_mega_fortwar.txt
mods/EladNLG.HUDRevampv2/keyvalues/scripts/aisettings/npc_turret_mega_frontierdefense.txt: R2Northstar/mods/EladNLG.HUDRevampv2/keyvalues/scripts/aisettings/npc_turret_mega_frontierdefense.txt
mods/EladNLG.HUDRevampv2/keyvalues/scripts/aisettings/npc_turret_sentry.txt: R2Northstar/mods/EladNLG.HUDRevampv2/keyvalues/scripts/aisettings/npc_turret_sentry.txt
mods/EladNLG.HUDRevampv2/keyvalues/scripts/aisettings/npc_turret_sentry_tday.txt: R2Northstar/mods/EladNLG.HUDRevampv2/keyvalues/scripts/aisettings/npc_turret_sentry_tday.txt
mods/EladNLG.HUDRevampv2/keyvalues/scripts/players/mp/pilot_base.set: R2Northstar/mods/EladNLG.HUDRevampv2/keyvalues/scripts/players/mp/pilot_base.set
mods/EladNLG.HUDRevampv2/keyvalues/scripts/players/mp/titan_base.set: R2Northstar/mods/EladNLG.HUDRevampv2/keyvalues/scripts/players/mp/titan_base.set
mods/EladNLG.HUDRevampv2/keyvalues/scripts/players/mp/titan_buddy.set: R2Northstar/mods/EladNLG.HUDRevampv2/keyvalues/scripts/players/mp/titan_buddy.set
mods/EladNLG.HUDRevampv2/keyvalues/scripts/screens/vgui_fullscreen.res: R2Northstar/mods/EladNLG.HUDRevampv2/keyvalues/scripts/screens/vgui_fullscreen.res
mods/EladNLG.HUDRevampv2/keyvalues/scripts/turrets/proto_at_turret.txt: R2Northstar/mods/EladNLG.HUDRevampv2/keyvalues/scripts/turrets/proto_at_turret.txt
mods/EladNLG.HUDRevampv2/keyvalues/scripts/vgui_screens.txt: R2Northstar/mods/EladNLG.HUDRevampv2/keyvalues/scripts/vgui_screens.txt
mods/EladNLG.HUDRevampv2/keyvalues/scripts/weapons/mp_titanweapon_vortex_shield_ion.txt: R2Northstar/mods/EladNLG.HUDRevampv2/keyvalues/scripts/weapons/mp_titanweapon_vortex_shield_ion.txt
mods/EladNLG.HUDRevampv2/mod.json: R2Northstar/mods/EladNLG.HUDRevampv2/mod.json
mods/EladNLG.HUDRevampv2/mod/materials/rui/hud/earn_meter/ajax_building.vmt: R2Northstar/mods/EladNLG.HUDRevampv2/mod/materials/rui/hud/earn_meter/ajax_building.vmt
mods/EladNLG.HUDRevampv2/mod/materials/rui/hud/earn_meter/ogre_building.vmt: R2Northstar/mods/EladNLG.HUDRevampv2/mod/materials/rui/hud/earn_meter/ogre_building.vmt
mods/EladNLG.HUDRevampv2/mod/materials/rui/hud/earn_meter/stryder_building.vmt: R2Northstar/mods/EladNLG.HUDRevampv2/mod/materials/rui/hud/earn_meter/stryder_building.vmt
mods/EladNLG.HUDRevampv2/mod/materials/rui/hud/test.vmt: R2Northstar/mods/EladNLG.HUDRevampv2/mod/materials/rui/hud/test.vmt
mods/EladNLG.HUDRevampv2/mod/materials/rui/hud/titanfall_marker_arrow_ready.vmt: R2Northstar/mods/EladNLG.HUDRevampv2/mod/materials/rui/hud/titanfall_marker_arrow_ready.vmt
mods/EladNLG.HUDRevampv2/mod/materials/rui/hud/titanfall_marker_arrow_ready.vtf: R2Northstar/mods/EladNLG.HUDRevampv2/mod/materials/rui/hud/titanfall_marker_arrow_ready.vtf
mods/EladNLG.HUDRevampv2/mod/materials/rui/menu/boosts/boost_icon_amped.vmt: R2Northstar/mods/EladNLG.HUDRevampv2/mod/materials/rui/menu/boosts/boost_icon_amped.vmt
mods/EladNLG.HUDRevampv2/mod/materials/rui/menu/boosts/boost_icon_battery.vmt: R2Northstar/mods/EladNLG.HUDRevampv2/mod/materials/rui/menu/boosts/boost_icon_battery.vmt
mods/EladNLG.HUDRevampv2/mod/materials/rui/menu/boosts/boost_icon_electric_smoke.vmt: R2Northstar/mods/EladNLG.HUDRevampv2/mod/materials/rui/menu/boosts/boost_icon_electric_smoke.vmt
mods/EladNLG.HUDRevampv2/mod/materials/rui/menu/boosts/boost_icon_holopilot.vmt: R2Northstar/mods/EladNLG.HUDRevampv2/mod/materials/rui/menu/boosts/boost_icon_holopilot.vmt
mods/EladNLG.HUDRevampv2/mod/materials/rui/menu/boosts/boost_icon_map_hack.vmt: R2Northstar/mods/EladNLG.HUDRevampv2/mod/materials/rui/menu/boosts/boost_icon_map_hack.vmt
mods/EladNLG.HUDRevampv2/mod/materials/rui/menu/boosts/boost_icon_personel_sentry.vmt: R2Northstar/mods/EladNLG.HUDRevampv2/mod/materials/rui/menu/boosts/boost_icon_personel_sentry.vmt
mods/EladNLG.HUDRevampv2/mod/materials/rui/menu/boosts/boost_icon_phase_rewind.vmt: R2Northstar/mods/EladNLG.HUDRevampv2/mod/materials/rui/menu/boosts/boost_icon_phase_rewind.vmt
mods/EladNLG.HUDRevampv2/mod/materials/rui/menu/boosts/boost_icon_radar_jam.vmt: R2Northstar/mods/EladNLG.HUDRevampv2/mod/materials/rui/menu/boosts/boost_icon_radar_jam.vmt
mods/EladNLG.HUDRevampv2/mod/materials/rui/menu/boosts/boost_icon_random.vmt: R2Northstar/mods/EladNLG.HUDRevampv2/mod/materials/rui/menu/boosts/boost_icon_random.vmt
mods/EladNLG.HUDRevampv2/mod/materials/rui/menu/boosts/boost_icon_shield.vmt: R2Northstar/mods/EladNLG.HUDRevampv2/mod/materials/rui/menu/boosts/boost_icon_shield.vmt
mods/EladNLG.HUDRevampv2/mod/materials/rui/menu/boosts/boost_icon_smart_pistol.vmt: R2Northstar/mods/EladNLG.HUDRevampv2/mod/materials/rui/menu/boosts/boost_icon_smart_pistol.vmt
mods/EladNLG.HUDRevampv2/mod/materials/rui/menu/boosts/boost_icon_tick.vmt: R2Northstar/mods/EladNLG.HUDRevampv2/mod/materials/rui/menu/boosts/boost_icon_tick.vmt
mods/EladNLG.HUDRevampv2/mod/materials/rui/menu/boosts/boost_icon_titan_sentry.vmt: R2Northstar/mods/EladNLG.HUDRevampv2/mod/materials/rui/menu/boosts/boost_icon_titan_sentry.vmt
mods/EladNLG.HUDRevampv2/mod/materials/rui/menu/boosts/destiny2/boost_icon_amped.vtf: R2Northstar/mods/EladNLG.HUDRevampv2/mod/materials/rui/menu/boosts/destiny2/boost_icon_amped.vtf
mods/EladNLG.HUDRevampv2/mod/materials/rui/menu/boosts/destiny2/boost_icon_battery.vtf: R2Northstar/mods/EladNLG.HUDRevampv2/mod/materials/rui/menu/boosts/destiny2/boost_icon_battery.vtf
mods/EladNLG.HUDRevampv2/mod/materials/rui/menu/boosts/destiny2/boost_icon_electric_smoke.vtf: R2Northstar/mods/EladNLG.HUDRevampv2/mod/materials/rui/menu/boosts/destiny2/boost_icon_electric_smoke.vtf
mods/EladNLG.HUDRevampv2/mod/materials/rui/menu/boosts/destiny2/boost_icon_holopilot.vtf: R2Northstar/mods/EladNLG.HUDRevampv2/mod/materials/rui/menu/boosts/destiny2/boost_icon_holopilot.vtf
mods/EladNLG.HUDRevampv2/mod/materials/rui/menu/boosts/destiny2/boost_icon_map_hack.vtf: R2Northstar/mods/EladNLG.HUDRevampv2/mod/materials/rui/menu/boosts/destiny2/boost_icon_map_hack.vtf
mods/EladNLG.HUDRevampv2/mod/materials/rui/menu/boosts/destiny2/boost_icon_personel_sentry.vtf: R2Northstar/mods/EladNLG.HUDRevampv2/mod/materials/rui/menu/boosts/destiny2/boost_icon_personel_sentry.vtf
mods/EladNLG.HUDRevampv2/mod/materials/rui/menu/boosts/destiny2/boost_icon_phase_rewind.vtf: R2Northstar/mods/EladNLG.HUDRevampv2/mod/materials/rui/menu/boosts/destiny2/boost_icon_phase_rewind.vtf
mods/EladNLG.HUDRevampv2/mod/materials/rui/menu/boosts/destiny2/boost_icon_radar_jam.vtf: R2Northstar/mods/EladNLG.HUDRevampv2/mod/materials/rui/menu/boosts/destiny2/boost_icon_radar_jam.vtf
mods/EladNLG.HUDRevampv2/mod/materials/rui/menu/boosts/destiny2/boost_icon_random.vtf: R2Northstar/mods/EladNLG.HUDRevampv2/mod/materials/rui/menu/boosts/destiny2/boost_icon_random.vtf
mods/EladNLG.HUDRevampv2/mod/materials/rui/menu/boosts/destiny2/boost_icon_shield.vtf: R2Northstar/mods/EladNLG.HUDRevampv2/mod/materials/rui/menu/boosts/destiny2/boost_icon_shield.vtf
mods/EladNLG.HUDRevampv2/mod/materials/rui/menu/boosts/destiny2/boost_icon_smart_pistol.vtf: R2Northstar/mods/EladNLG.HUDRevampv2/mod/materials/rui/menu/boosts/destiny2/boost_icon_smart_pistol.vtf
mods/EladNLG.HUDRevampv2/mod/materials/rui/menu/boosts/destiny2/boost_icon_tick.vtf: R2Northstar/mods/EladNLG.HUDRevampv2/mod/materials/rui/menu/boosts/destiny2/boost_icon_tick.vtf
mods/EladNLG.HUDRevampv2/mod/materials/rui/menu/boosts/destiny2/boost_icon_titan_sentry.vtf: R2Northstar/mods/EladNLG.HUDRevampv2/mod/materials/rui/menu/boosts/destiny2/boost_icon_titan_sentry.vtf
mods/EladNLG.HUDRevampv2/mod/materials/rui/titan_loadout/core/destiny2/titan_core_burst_core.vtf: R2Northstar/mods/EladNLG.HUDRevampv2/mod/materials/rui/titan_loadout/core/destiny2/titan_core_burst_core.vtf
mods/EladNLG.HUDRevampv2/mod/materials/rui/titan_loadout/core/destiny2/titan_core_emp.vtf: R2Northstar/mods/EladNLG.HUDRevampv2/mod/materials/rui/titan_loadout/core/destiny2/titan_core_emp.vtf
mods/EladNLG.HUDRevampv2/mod/materials/rui/titan_loadout/core/destiny2/titan_core_flame_wave.vtf: R2Northstar/mods/EladNLG.HUDRevampv2/mod/materials/rui/titan_loadout/core/destiny2/titan_core_flame_wave.vtf
mods/EladNLG.HUDRevampv2/mod/materials/rui/titan_loadout/core/destiny2/titan_core_flight.vtf: R2Northstar/mods/EladNLG.HUDRevampv2/mod/materials/rui/titan_loadout/core/destiny2/titan_core_flight.vtf
mods/EladNLG.HUDRevampv2/mod/materials/rui/titan_loadout/core/destiny2/titan_core_laser.vtf: R2Northstar/mods/EladNLG.HUDRevampv2/mod/materials/rui/titan_loadout/core/destiny2/titan_core_laser.vtf
mods/EladNLG.HUDRevampv2/mod/materials/rui/titan_loadout/core/destiny2/titan_core_salvo.vtf: R2Northstar/mods/EladNLG.HUDRevampv2/mod/materials/rui/titan_loadout/core/destiny2/titan_core_salvo.vtf
mods/EladNLG.HUDRevampv2/mod/materials/rui/titan_loadout/core/destiny2/titan_core_smart.vtf: R2Northstar/mods/EladNLG.HUDRevampv2/mod/materials/rui/titan_loadout/core/destiny2/titan_core_smart.vtf
mods/EladNLG.HUDRevampv2/mod/materials/rui/titan_loadout/core/destiny2/titan_core_sword.vtf: R2Northstar/mods/EladNLG.HUDRevampv2/mod/materials/rui/titan_loadout/core/destiny2/titan_core_sword.vtf
mods/EladNLG.HUDRevampv2/mod/materials/rui/titan_loadout/core/destiny2/titan_core_upgrade.vtf: R2Northstar/mods/EladNLG.HUDRevampv2/mod/materials/rui/titan_loadout/core/destiny2/titan_core_upgrade.vtf
mods/EladNLG.HUDRevampv2/mod/materials/rui/titan_loadout/core/titan_core_burst_destiny2.vmt: R2Northstar/mods/EladNLG.HUDRevampv2/mod/materials/rui/titan_loadout/core/titan_core_burst_destiny2.vmt
mods/EladNLG.HUDRevampv2/mod/materials/rui/titan_loadout/core/titan_core_emp_destiny2.vmt: R2Northstar/mods/EladNLG.HUDRevampv2/mod/materials/rui/titan_loadout/core/titan_core_emp_destiny2.vmt
mods/EladNLG.HUDRevampv2/mod/materials/rui/titan_loadout/core/titan_core_flame_wave_destiny2.vmt: R2Northstar/mods/EladNLG.HUDRevampv2/mod/materials/rui/titan_loadout/core/titan_core_flame_wave_destiny2.vmt
mods/EladNLG.HUDRevampv2/mod/materials/rui/titan_loadout/core/titan_core_flight_destiny2.vmt: R2Northstar/mods/EladNLG.HUDRevampv2/mod/materials/rui/titan_loadout/core/titan_core_flight_destiny2.vmt
mods/EladNLG.HUDRevampv2/mod/materials/rui/titan_loadout/core/titan_core_laser_destiny2.vmt: R2Northstar/mods/EladNLG.HUDRevampv2/mod/materials/rui/titan_loadout/core/titan_core_laser_destiny2.vmt
mods/EladNLG.HUDRevampv2/mod/materials/rui/titan_loadout/core/titan_core_salvo_destiny2.vmt: R2Northstar/mods/EladNLG.HUDRevampv2/mod/materials/rui/titan_loadout/core/titan_core_salvo_destiny2.vmt
mods/EladNLG.HUDRevampv2/mod/materials/rui/titan_loadout/core/titan_core_smart_destiny2.vmt: R2Northstar/mods/EladNLG.HUDRevampv2/mod/materials/rui/titan_loadout/core/titan_core_smart_destiny2.vmt
mods/EladNLG.HUDRevampv2/mod/materials/rui/titan_loadout/core/titan_core_sword_destiny2.vmt: R2Northstar/mods/EladNLG.HUDRevampv2/mod/materials/rui/titan_loadout/core/titan_core_sword_destiny2.vmt
mods/EladNLG.HUDRevampv2/mod/materials/rui/titan_loadout/core/titan_core_vanguard_destiny2.vmt: R2Northstar/mods/EladNLG.HUDRevampv2/mod/materials/rui/titan_loadout/core/titan_core_vanguard_destiny2.vmt
mods/EladNLG.HUDRevampv2/mod/materials/rui/titan_loadout/ordnance/multilock_rockets.vmt: R2Northstar/mods/EladNLG.HUDRevampv2/mod/materials/rui/titan_loadout/ordnance/multilock_rockets.vmt
mods/EladNLG.HUDRevampv2/mod/materials/rui/titan_loadout/ordnance/multilock_rockets.vtf: R2Northstar/mods/EladNLG.HUDRevampv2/mod/materials/rui/titan_loadout/ordnance/multilock_rockets.vtf
mods/EladNLG.HUDRevampv2/mod/materials/ui/60px_1b.vmt: R2Northstar/mods/EladNLG.HUDRevampv2/mod/materials/ui/60px_1b.vmt
mods/EladNLG.HUDRevampv2/mod/materials/ui/64px_1b.vtf: R2Northstar/mods/EladNLG.HUDRevampv2/mod/materials/ui/64px_1b.vtf
mods/EladNLG.HUDRevampv2/mod/materials/ui/bar.png: R2Northstar/mods/EladNLG.HUDRevampv2/mod/materials/ui/bar.png
mods/EladNLG.HUDRevampv2/mod/materials/ui/bar.vmt: R2Northstar/mods/EladNLG.HUDRevampv2/mod/materials/ui/bar.vmt
mods/EladNLG.HUDRevampv2/mod/materials/ui/bar.vtf: R2Northstar/mods/EladNLG.HUDRevampv2/mod/materials/ui/bar.vtf
mods/EladNLG.HUDRevampv2/mod/materials/ui/box.vmt: R2Northstar/mods/EladNLG.HUDRevampv2/mod/materials/ui/box.vmt
mods/EladNLG.HUDRevampv2/mod/materials/ui/box.vtf: R2Northstar/mods/EladNLG.HUDRevampv2/mod/materials/ui/box.vtf
mods/EladNLG.HUDRevampv2/mod/materials/ui/circle.vmt: R2Northstar/mods/EladNLG.HUDRevampv2/mod/materials/ui/circle.vmt
mods/EladNLG.HUDRevampv2/mod/materials/ui/circle.vtf: R2Northstar/mods/EladNLG.HUDRevampv2/mod/materials/ui/circle.vtf
mods/EladNLG.HUDRevampv2/mod/materials/ui/destiny2/ChampionTriangle.png: R2Northstar/mods/EladNLG.HUDRevampv2/mod/materials/ui/destiny2/ChampionTriangle.png
mods/EladNLG.HUDRevampv2/mod/materials/ui/destiny2/ChampionTriangle.vmt: R2Northstar/mods/EladNLG.HUDRevampv2/mod/materials/ui/destiny2/ChampionTriangle.vmt
mods/EladNLG.HUDRevampv2/mod/materials/ui/destiny2/ChampionTriangle.vtf: R2Northstar/mods/EladNLG.HUDRevampv2/mod/materials/ui/destiny2/ChampionTriangle.vtf
mods/EladNLG.HUDRevampv2/mod/materials/ui/destiny2/ChampionTriangleEnemy.png: R2Northstar/mods/EladNLG.HUDRevampv2/mod/materials/ui/destiny2/ChampionTriangleEnemy.png
mods/EladNLG.HUDRevampv2/mod/materials/ui/destiny2/ChampionTriangleEnemy.vmt: R2Northstar/mods/EladNLG.HUDRevampv2/mod/materials/ui/destiny2/ChampionTriangleEnemy.vmt
mods/EladNLG.HUDRevampv2/mod/materials/ui/destiny2/ChampionTriangleEnemy.vtf: R2Northstar/mods/EladNLG.HUDRevampv2/mod/materials/ui/destiny2/ChampionTriangleEnemy.vtf
mods/EladNLG.HUDRevampv2/mod/materials/ui/destiny2/Sword.png: R2Northstar/mods/EladNLG.HUDRevampv2/mod/materials/ui/destiny2/Sword.png
mods/EladNLG.HUDRevampv2/mod/materials/ui/destiny2/Sword.vmt: R2Northstar/mods/EladNLG.HUDRevampv2/mod/materials/ui/destiny2/Sword.vmt
mods/EladNLG.HUDRevampv2/mod/materials/ui/destiny2/Sword.vtf: R2Northstar/mods/EladNLG.HUDRevampv2/mod/materials/ui/destiny2/Sword.vtf
mods/EladNLG.HUDRevampv2/mod/materials/ui/destiny2/Unstoppable.png: R2Northstar/mods/EladNLG.HUDRevampv2/mod/materials/ui/destiny2/Unstoppable.png
mods/EladNLG.HUDRevampv2/mod/materials/ui/destiny2/Unstoppable.vmt: R2Northstar/mods/EladNLG.HUDRevampv2/mod/materials/ui/destiny2/Unstoppable.vmt
mods/EladNLG.HUDRevampv2/mod/materials/ui/destiny2/Unstoppable.vtf: R2Northstar/mods/EladNLG.HUDRevampv2/mod/materials/ui/destiny2/Unstoppable.vtf
mods/EladNLG.HUDRevampv2/mod/materials/ui/destiny2/ajax_lowres.vtf: R2Northstar/mods/EladNLG.HUDRevampv2/mod/materials/ui/destiny2/ajax_lowres.vtf
mods/EladNLG.HUDRevampv2/mod/materials/ui/destiny2/atlas.vtf: R2Northstar/mods/EladNLG.HUDRevampv2/mod/materials/ui/destiny2/atlas.vtf
mods/EladNLG.HUDRevampv2/mod/materials/ui/destiny2/ender_pearl.png: R2Northstar/mods/EladNLG.HUDRevampv2/mod/materials/ui/destiny2/ender_pearl.png
mods/EladNLG.HUDRevampv2/mod/materials/ui/destiny2/frog.png: R2Northstar/mods/EladNLG.HUDRevampv2/mod/materials/ui/destiny2/frog.png
mods/EladNLG.HUDRevampv2/mod/materials/ui/destiny2/frog.vtf: R2Northstar/mods/EladNLG.HUDRevampv2/mod/materials/ui/destiny2/frog.vtf
mods/EladNLG.HUDRevampv2/mod/materials/ui/destiny2/fuckyou.png: R2Northstar/mods/EladNLG.HUDRevampv2/mod/materials/ui/destiny2/fuckyou.png
mods/EladNLG.HUDRevampv2/mod/materials/ui/destiny2/fuckyou.vtf: R2Northstar/mods/EladNLG.HUDRevampv2/mod/materials/ui/destiny2/fuckyou.vtf
mods/EladNLG.HUDRevampv2/mod/materials/ui/destiny2/gamestate/deco.vmt: R2Northstar/mods/EladNLG.HUDRevampv2/mod/materials/ui/destiny2/gamestate/deco.vmt
mods/EladNLG.HUDRevampv2/mod/materials/ui/destiny2/gamestate/deco.vtf: R2Northstar/mods/EladNLG.HUDRevampv2/mod/materials/ui/destiny2/gamestate/deco.vtf
mods/EladNLG.HUDRevampv2/mod/materials/ui/destiny2/gamestate/funny icon_titan.vtf: R2Northstar/mods/EladNLG.HUDRevampv2/mod/materials/ui/destiny2/gamestate/funny icon_titan.vtf
mods/EladNLG.HUDRevampv2/mod/materials/ui/destiny2/gamestate/icon_alive.vmt: R2Northstar/mods/EladNLG.HUDRevampv2/mod/materials/ui/destiny2/gamestate/icon_alive.vmt
mods/EladNLG.HUDRevampv2/mod/materials/ui/destiny2/gamestate/icon_alive.vtf: R2Northstar/mods/EladNLG.HUDRevampv2/mod/materials/ui/destiny2/gamestate/icon_alive.vtf
mods/EladNLG.HUDRevampv2/mod/materials/ui/destiny2/gamestate/icon_dead_enemy.vmt: R2Northstar/mods/EladNLG.HUDRevampv2/mod/materials/ui/destiny2/gamestate/icon_dead_enemy.vmt
mods/EladNLG.HUDRevampv2/mod/materials/ui/destiny2/gamestate/icon_dead_enemy.vtf: R2Northstar/mods/EladNLG.HUDRevampv2/mod/materials/ui/destiny2/gamestate/icon_dead_enemy.vtf
mods/EladNLG.HUDRevampv2/mod/materials/ui/destiny2/gamestate/icon_dead_friendly.vmt: R2Northstar/mods/EladNLG.HUDRevampv2/mod/materials/ui/destiny2/gamestate/icon_dead_friendly.vmt
mods/EladNLG.HUDRevampv2/mod/materials/ui/destiny2/gamestate/icon_dead_friendly.vtf: R2Northstar/mods/EladNLG.HUDRevampv2/mod/materials/ui/destiny2/gamestate/icon_dead_friendly.vtf
mods/EladNLG.HUDRevampv2/mod/materials/ui/destiny2/gamestate/icon_titan.vmt: R2Northstar/mods/EladNLG.HUDRevampv2/mod/materials/ui/destiny2/gamestate/icon_titan.vmt
mods/EladNLG.HUDRevampv2/mod/materials/ui/destiny2/gamestate/icon_titan.vtf: R2Northstar/mods/EladNLG.HUDRevampv2/mod/materials/ui/destiny2/gamestate/icon_titan.vtf
mods/EladNLG.HUDRevampv2/mod/materials/ui/destiny2/gamestate/pilot_classes/awall.vmt: R2Northstar/mods/EladNLG.HUDRevampv2/mod/materials/ui/destiny2/gamestate/pilot_classes/awall.vmt
mods/EladNLG.HUDRevampv2/mod/materials/ui/destiny2/gamestate/pilot_classes/awall.vtf: R2Northstar/mods/EladNLG.HUDRevampv2/mod/materials/ui/destiny2/gamestate/pilot_classes/awall.vtf
mods/EladNLG.HUDRevampv2/mod/materials/ui/destiny2/gamestate/pilot_classes/cloak.vmt: R2Northstar/mods/EladNLG.HUDRevampv2/mod/materials/ui/destiny2/gamestate/pilot_classes/cloak.vmt
mods/EladNLG.HUDRevampv2/mod/materials/ui/destiny2/gamestate/pilot_classes/cloak.vtf: R2Northstar/mods/EladNLG.HUDRevampv2/mod/materials/ui/destiny2/gamestate/pilot_classes/cloak.vtf
mods/EladNLG.HUDRevampv2/mod/materials/ui/destiny2/gamestate/pilot_classes/grapple.vmt: R2Northstar/mods/EladNLG.HUDRevampv2/mod/materials/ui/destiny2/gamestate/pilot_classes/grapple.vmt
mods/EladNLG.HUDRevampv2/mod/materials/ui/destiny2/gamestate/pilot_classes/grapple.vtf: R2Northstar/mods/EladNLG.HUDRevampv2/mod/materials/ui/destiny2/gamestate/pilot_classes/grapple.vtf
mods/EladNLG.HUDRevampv2/mod/materials/ui/destiny2/gamestate/pilot_classes/holo.vmt: R2Northstar/mods/EladNLG.HUDRevampv2/mod/materials/ui/destiny2/gamestate/pilot_classes/holo.vmt
mods/EladNLG.HUDRevampv2/mod/materials/ui/destiny2/gamestate/pilot_classes/holo.vtf: R2Northstar/mods/EladNLG.HUDRevampv2/mod/materials/ui/destiny2/gamestate/pilot_classes/holo.vtf
mods/EladNLG.HUDRevampv2/mod/materials/ui/destiny2/gamestate/pilot_classes/params.txt: R2Northstar/mods/EladNLG.HUDRevampv2/mod/materials/ui/destiny2/gamestate/pilot_classes/params.txt
mods/EladNLG.HUDRevampv2/mod/materials/ui/destiny2/gamestate/pilot_classes/phase.vmt: R2Northstar/mods/EladNLG.HUDRevampv2/mod/materials/ui/destiny2/gamestate/pilot_classes/phase.vmt
mods/EladNLG.HUDRevampv2/mod/materials/ui/destiny2/gamestate/pilot_classes/phase.vtf: R2Northstar/mods/EladNLG.HUDRevampv2/mod/materials/ui/destiny2/gamestate/pilot_classes/phase.vtf
mods/EladNLG.HUDRevampv2/mod/materials/ui/destiny2/gamestate/pilot_classes/pulse.vmt: R2Northstar/mods/EladNLG.HUDRevampv2/mod/materials/ui/destiny2/gamestate/pilot_classes/pulse.vmt
mods/EladNLG.HUDRevampv2/mod/materials/ui/destiny2/gamestate/pilot_classes/pulse.vtf: R2Northstar/mods/EladNLG.HUDRevampv2/mod/materials/ui/destiny2/gamestate/pilot_classes/pulse.vtf
mods/EladNLG.HUDRevampv2/mod/materials/ui/destiny2/gamestate/pilot_classes/stim.vmt: R2Northstar/mods/EladNLG.HUDRevampv2/mod/materials/ui/destiny2/gamestate/pilot_classes/stim.vmt
mods/EladNLG.HUDRevampv2/mod/materials/ui/destiny2/gamestate/pilot_classes/stim.vtf: R2Northstar/mods/EladNLG.HUDRevampv2/mod/materials/ui/destiny2/gamestate/pilot_classes/stim.vtf
mods/EladNLG.HUDRevampv2/mod/materials/ui/destiny2/gamestate/score_outline.vmt: R2Northstar/mods/EladNLG.HUDRevampv2/mod/materials/ui/destiny2/gamestate/score_outline.vmt
mods/EladNLG.HUDRevampv2/mod/materials/ui/destiny2/gamestate/score_outline.vtf: R2Northstar/mods/EladNLG.HUDRevampv2/mod/materials/ui/destiny2/gamestate/score_outline.vtf
mods/EladNLG.HUDRevampv2/mod/materials/ui/destiny2/gamestate/scorebar_outline.vmt: R2Northstar/mods/EladNLG.HUDRevampv2/mod/materials/ui/destiny2/gamestate/scorebar_outline.vmt
mods/EladNLG.HUDRevampv2/mod/materials/ui/destiny2/gamestate/scorebar_outline.vtf: R2Northstar/mods/EladNLG.HUDRevampv2/mod/materials/ui/destiny2/gamestate/scorebar_outline.vtf
mods/EladNLG.HUDRevampv2/mod/materials/ui/destiny2/gamestate/scorebar_outline_winning.vmt: R2Northstar/mods/EladNLG.HUDRevampv2/mod/materials/ui/destiny2/gamestate/scorebar_outline_winning.vmt
mods/EladNLG.HUDRevampv2/mod/materials/ui/destiny2/gamestate/scorebar_outline_winning.vtf: R2Northstar/mods/EladNLG.HUDRevampv2/mod/materials/ui/destiny2/gamestate/scorebar_outline_winning.vtf
mods/EladNLG.HUDRevampv2/mod/materials/ui/destiny2/gamestate/titan_classes/batterywhore.vmt: R2Northstar/mods/EladNLG.HUDRevampv2/mod/materials/ui/destiny2/gamestate/titan_classes/batterywhore.vmt
mods/EladNLG.HUDRevampv2/mod/materials/ui/destiny2/gamestate/titan_classes/batterywhore.vtf: R2Northstar/mods/EladNLG.HUDRevampv2/mod/materials/ui/destiny2/gamestate/titan_classes/batterywhore.vtf
mods/EladNLG.HUDRevampv2/mod/materials/ui/destiny2/gamestate/titan_classes/ion.vmt: R2Northstar/mods/EladNLG.HUDRevampv2/mod/materials/ui/destiny2/gamestate/titan_classes/ion.vmt
mods/EladNLG.HUDRevampv2/mod/materials/ui/destiny2/gamestate/titan_classes/ion.vtf: R2Northstar/mods/EladNLG.HUDRevampv2/mod/materials/ui/destiny2/gamestate/titan_classes/ion.vtf
mods/EladNLG.HUDRevampv2/mod/materials/ui/destiny2/gamestate/titan_classes/legion.vmt: R2Northstar/mods/EladNLG.HUDRevampv2/mod/materials/ui/destiny2/gamestate/titan_classes/legion.vmt
mods/EladNLG.HUDRevampv2/mod/materials/ui/destiny2/gamestate/titan_classes/legion.vtf: R2Northstar/mods/EladNLG.HUDRevampv2/mod/materials/ui/destiny2/gamestate/titan_classes/legion.vtf
mods/EladNLG.HUDRevampv2/mod/materials/ui/destiny2/gamestate/titan_classes/northstar.vmt: R2Northstar/mods/EladNLG.HUDRevampv2/mod/materials/ui/destiny2/gamestate/titan_classes/northstar.vmt
mods/EladNLG.HUDRevampv2/mod/materials/ui/destiny2/gamestate/titan_classes/northstar.vtf: R2Northstar/mods/EladNLG.HUDRevampv2/mod/materials/ui/destiny2/gamestate/titan_classes/northstar.vtf
mods/EladNLG.HUDRevampv2/mod/materials/ui/destiny2/gamestate/titan_classes/ronin.vmt: R2Northstar/mods/EladNLG.HUDRevampv2/mod/materials/ui/destiny2/gamestate/titan_classes/ronin.vmt
mods/EladNLG.HUDRevampv2/mod/materials/ui/destiny2/gamestate/titan_classes/ronin.vtf: R2Northstar/mods/EladNLG.HUDRevampv2/mod/materials/ui/destiny2/gamestate/titan_classes/ronin.vtf
mods/EladNLG.HUDRevampv2/mod/materials/ui/destiny2/gamestate/titan_classes/scorch.vmt: R2Northstar/mods/EladNLG.HUDRevampv2/mod/materials/ui/destiny2/gamestate/titan_classes/scorch.vmt
mods/EladNLG.HUDRevampv2/mod/materials/ui/destiny2/gamestate/titan_classes/scorch.vtf: R2Northstar/mods/EladNLG.HUDRevampv2/mod/materials/ui/destiny2/gamestate/titan_classes/scorch.vtf
mods/EladNLG.HUDRevampv2/mod/materials/ui/destiny2/gamestate/titan_classes/tone.vmt: R2Northstar/mods/EladNLG.HUDRevampv2/mod/materials/ui/destiny2/gamestate/titan_classes/tone.vmt
mods/EladNLG.HUDRevampv2/mod/materials/ui/destiny2/gamestate/titan_classes/tone.vtf: R2Northstar/mods/EladNLG.HUDRevampv2/mod/materials/ui/destiny2/gamestate/titan_classes/tone.vtf
mods/EladNLG.HUDRevampv2/mod/materials/ui/destiny2/health_16.png: R2Northstar/mods/EladNLG.HUDRevampv2/mod/materials/ui/destiny2/health_16.png
mods/EladNLG.HUDRevampv2/mod/materials/ui/destiny2/health_16.vmt: R2Northstar/mods/EladNLG.HUDRevampv2/mod/materials/ui/destiny2/health_16.vmt
mods/EladNLG.HUDRevampv2/mod/materials/ui/destiny2/health_16.vtf: R2Northstar/mods/EladNLG.HUDRevampv2/mod/materials/ui/destiny2/health_16.vtf
mods/EladNLG.HUDRevampv2/mod/materials/ui/destiny2/healthbar_bg.vmt: R2Northstar/mods/EladNLG.HUDRevampv2/mod/materials/ui/destiny2/healthbar_bg.vmt
mods/EladNLG.HUDRevampv2/mod/materials/ui/destiny2/healthbar_bg.vtf: R2Northstar/mods/EladNLG.HUDRevampv2/mod/materials/ui/destiny2/healthbar_bg.vtf
mods/EladNLG.HUDRevampv2/mod/materials/ui/destiny2/objectives/fd.vmt: R2Northstar/mods/EladNLG.HUDRevampv2/mod/materials/ui/destiny2/objectives/fd.vmt
mods/EladNLG.HUDRevampv2/mod/materials/ui/destiny2/objectives/fd.vtf: R2Northstar/mods/EladNLG.HUDRevampv2/mod/materials/ui/destiny2/objectives/fd.vtf
mods/EladNLG.HUDRevampv2/mod/materials/ui/destiny2/ogre.vtf: R2Northstar/mods/EladNLG.HUDRevampv2/mod/materials/ui/destiny2/ogre.vtf
mods/EladNLG.HUDRevampv2/mod/materials/ui/destiny2/ogre_lowres.vtf: R2Northstar/mods/EladNLG.HUDRevampv2/mod/materials/ui/destiny2/ogre_lowres.vtf
mods/EladNLG.HUDRevampv2/mod/materials/ui/destiny2/ps_titan_icon_atlas.png: R2Northstar/mods/EladNLG.HUDRevampv2/mod/materials/ui/destiny2/ps_titan_icon_atlas.png
mods/EladNLG.HUDRevampv2/mod/materials/ui/destiny2/ps_titan_icon_orge.png: R2Northstar/mods/EladNLG.HUDRevampv2/mod/materials/ui/destiny2/ps_titan_icon_orge.png
mods/EladNLG.HUDRevampv2/mod/materials/ui/destiny2/ps_titan_icon_stryder.png: R2Northstar/mods/EladNLG.HUDRevampv2/mod/materials/ui/destiny2/ps_titan_icon_stryder.png
mods/EladNLG.HUDRevampv2/mod/materials/ui/destiny2/reversed-hand-with-middle-finger-extended_1f595.png: R2Northstar/mods/EladNLG.HUDRevampv2/mod/materials/ui/destiny2/reversed-hand-with-middle-finger-extended_1f595.png
mods/EladNLG.HUDRevampv2/mod/materials/ui/destiny2/stryder.vtf: R2Northstar/mods/EladNLG.HUDRevampv2/mod/materials/ui/destiny2/stryder.vtf
mods/EladNLG.HUDRevampv2/mod/materials/ui/destiny2/stryder_lowres.vtf: R2Northstar/mods/EladNLG.HUDRevampv2/mod/materials/ui/destiny2/stryder_lowres.vtf
mods/EladNLG.HUDRevampv2/mod/materials/ui/destiny2/super_border.vmt: R2Northstar/mods/EladNLG.HUDRevampv2/mod/materials/ui/destiny2/super_border.vmt
mods/EladNLG.HUDRevampv2/mod/materials/ui/destiny2/super_border.vtf: R2Northstar/mods/EladNLG.HUDRevampv2/mod/materials/ui/destiny2/super_border.vtf
mods/EladNLG.HUDRevampv2/mod/materials/ui/destiny2/super_empty.vmt: R2Northstar/mods/EladNLG.HUDRevampv2/mod/materials/ui/destiny2/super_empty.vmt
mods/EladNLG.HUDRevampv2/mod/materials/ui/destiny2/super_empty.vtf: R2Northstar/mods/EladNLG.HUDRevampv2/mod/materials/ui/destiny2/super_empty.vtf
mods/EladNLG.HUDRevampv2/mod/materials/ui/destiny2/super_full.vmt: R2Northstar/mods/EladNLG.HUDRevampv2/mod/materials/ui/destiny2/super_full.vmt
mods/EladNLG.HUDRevampv2/mod/materials/ui/destiny2/super_full.vtf: R2Northstar/mods/EladNLG.HUDRevampv2/mod/materials/ui/destiny2/super_full.vtf
mods/EladNLG.HUDRevampv2/mod/materials/ui/destiny2/texconv_dxgi.log: R2Northstar/mods/EladNLG.HUDRevampv2/mod/materials/ui/destiny2/texconv_dxgi.log
mods/EladNLG.HUDRevampv2/mod/materials/ui/destiny2/vertical_bar.vmt: R2Northstar/mods/EladNLG.HUDRevampv2/mod/materials/ui/destiny2/vertical_bar.vmt
mods/EladNLG.HUDRevampv2/mod/materials/ui/destiny2/vertical_bar.vtf: R2Northstar/mods/EladNLG.HUDRevampv2/mod/materials/ui/destiny2/vertical_bar.vtf
mods/EladNLG.HUDRevampv2/mod/materials/ui/destiny2/weapon0_bottom_8.vmt: R2Northstar/mods/EladNLG.HUDRevampv2/mod/materials/ui/destiny2/weapon0_bottom_8.vmt
mods/EladNLG.HUDRevampv2/mod/materials/ui/destiny2/weapon0_bottom_8.vtf: R2Northstar/mods/EladNLG.HUDRevampv2/mod/materials/ui/destiny2/weapon0_bottom_8.vtf
mods/EladNLG.HUDRevampv2/mod/materials/ui/destiny2/weapon1_bottom_4.vmt: R2Northstar/mods/EladNLG.HUDRevampv2/mod/materials/ui/destiny2/weapon1_bottom_4.vmt
mods/EladNLG.HUDRevampv2/mod/materials/ui/destiny2/weapon1_bottom_4.vtf: R2Northstar/mods/EladNLG.HUDRevampv2/mod/materials/ui/destiny2/weapon1_bottom_4.vtf
mods/EladNLG.HUDRevampv2/mod/materials/ui/hudrevamp/BarAA.png: R2Northstar/mods/EladNLG.HUDRevampv2/mod/materials/ui/hudrevamp/BarAA.png
mods/EladNLG.HUDRevampv2/mod/materials/ui/hudrevamp/BarAA.vmt: R2Northstar/mods/EladNLG.HUDRevampv2/mod/materials/ui/hudrevamp/BarAA.vmt
mods/EladNLG.HUDRevampv2/mod/materials/ui/hudrevamp/BarAA.vtf: R2Northstar/mods/EladNLG.HUDRevampv2/mod/materials/ui/hudrevamp/BarAA.vtf
mods/EladNLG.HUDRevampv2/mod/materials/ui/hudrevamp/Circle.png: R2Northstar/mods/EladNLG.HUDRevampv2/mod/materials/ui/hudrevamp/Circle.png
mods/EladNLG.HUDRevampv2/mod/materials/ui/hudrevamp/OffhandBG.png: R2Northstar/mods/EladNLG.HUDRevampv2/mod/materials/ui/hudrevamp/OffhandBG.png
mods/EladNLG.HUDRevampv2/mod/materials/ui/hudrevamp/OffhandBG.vmt: R2Northstar/mods/EladNLG.HUDRevampv2/mod/materials/ui/hudrevamp/OffhandBG.vmt
mods/EladNLG.HUDRevampv2/mod/materials/ui/hudrevamp/OffhandBG.vtf: R2Northstar/mods/EladNLG.HUDRevampv2/mod/materials/ui/hudrevamp/OffhandBG.vtf
mods/EladNLG.HUDRevampv2/mod/materials/ui/hudrevamp/OffhandOutline.png: R2Northstar/mods/EladNLG.HUDRevampv2/mod/materials/ui/hudrevamp/OffhandOutline.png
mods/EladNLG.HUDRevampv2/mod/materials/ui/hudrevamp/Pip.png: R2Northstar/mods/EladNLG.HUDRevampv2/mod/materials/ui/hudrevamp/Pip.png
mods/EladNLG.HUDRevampv2/mod/materials/ui/hudrevamp/bitmap.png: R2Northstar/mods/EladNLG.HUDRevampv2/mod/materials/ui/hudrevamp/bitmap.png
mods/EladNLG.HUDRevampv2/mod/materials/ui/hudrevamp/circle.vmt: R2Northstar/mods/EladNLG.HUDRevampv2/mod/materials/ui/hudrevamp/circle.vmt
mods/EladNLG.HUDRevampv2/mod/materials/ui/hudrevamp/circle.vtf: R2Northstar/mods/EladNLG.HUDRevampv2/mod/materials/ui/hudrevamp/circle.vtf
mods/EladNLG.HUDRevampv2/mod/materials/ui/hudrevamp/concept.png: R2Northstar/mods/EladNLG.HUDRevampv2/mod/materials/ui/hudrevamp/concept.png
mods/EladNLG.HUDRevampv2/mod/materials/ui/hudrevamp/pip.vmt: R2Northstar/mods/EladNLG.HUDRevampv2/mod/materials/ui/hudrevamp/pip.vmt
mods/EladNLG.HUDRevampv2/mod/materials/ui/hudrevamp/pip.vtf: R2Northstar/mods/EladNLG.HUDRevampv2/mod/materials/ui/hudrevamp/pip.vtf
mods/EladNLG.HUDRevampv2/mod/materials/ui/hudrevamp/titan_meter_bg.vmt: R2Northstar/mods/EladNLG.HUDRevampv2/mod/materials/ui/hudrevamp/titan_meter_bg.vmt
mods/EladNLG.HUDRevampv2/mod/materials/ui/hudrevamp/titan_meter_bg.vtf: R2Northstar/mods/EladNLG.HUDRevampv2/mod/materials/ui/hudrevamp/titan_meter_bg.vtf
mods/EladNLG.HUDRevampv2/mod/materials/ui/white.vmt: R2Northstar/mods/EladNLG.HUDRevampv2/mod/materials/ui/white.vmt
mods/EladNLG.HUDRevampv2/mod/resource/ChakraPetch-Bold.ttf: R2Northstar/mods/EladNLG.HUDRevampv2/mod/resource/ChakraPetch-Bold.ttf
mods/EladNLG.HUDRevampv2/mod/resource/ChakraPetch-BoldItalic.ttf: R2Northstar/mods/EladNLG.HUDRevampv2/mod/resource/ChakraPetch-BoldItalic.ttf
mods/EladNLG.HUDRevampv2/mod/resource/ChakraPetch-Italic.ttf: R2Northstar/mods/EladNLG.HUDRevampv2/mod/resource/ChakraPetch-Italic.ttf
mods/EladNLG.HUDRevampv2/mod/resource/ChakraPetch-Light.ttf: R2Northstar/mods/EladNLG.HUDRevampv2/mod/resource/ChakraPetch-Light.ttf
mods/EladNLG.HUDRevampv2/mod/resource/ChakraPetch-LightItalic.ttf: R2Northstar/mods/EladNLG.HUDRevampv2/mod/resource/ChakraPetch-LightItalic.ttf
mods/EladNLG.HUDRevampv2/mod/resource/ChakraPetch-Medium.ttf: R2Northstar/mods/EladNLG.HUDRevampv2/mod/resource/ChakraPetch-Medium.ttf
mods/EladNLG.HUDRevampv2/mod/resource/ChakraPetch-MediumItalic.ttf: R2Northstar/mods/EladNLG.HUDRevampv2/mod/resource/ChakraPetch-MediumItalic.ttf
mods/EladNLG.HUDRevampv2/mod/resource/ChakraPetch-Regular.ttf: R2Northstar/mods/EladNLG.HUDRevampv2/mod/resource/ChakraPetch-Regular.ttf
mods/EladNLG.HUDRevampv2/mod/resource/ChakraPetch-SemiBold.ttf: R2Northstar/mods/EladNLG.HUDRevampv2/mod/resource/ChakraPetch-SemiBold.ttf
mods/EladNLG.HUDRevampv2/mod/resource/ChakraPetch-SemiBoldItalic.ttf: R2Northstar/mods/EladNLG.HUDRevampv2/mod/resource/ChakraPetch-SemiBoldItalic.ttf
mods/EladNLG.HUDRevampv2/mod/resource/DontSueMe_M.ttf: R2Northstar/mods/EladNLG.HUDRevampv2/mod/resource/DontSueMe_M.ttf
mods/EladNLG.HUDRevampv2/mod/resource/DontSueMe_R.ttf: R2Northstar/mods/EladNLG.HUDRevampv2/mod/resource/DontSueMe_R.ttf
mods/EladNLG.HUDRevampv2/mod/resource/ui/layouts/Destiny2/FrontierDefense_ShieldStatus.res: R2Northstar/mods/EladNLG.HUDRevampv2/mod/resource/ui/layouts/Destiny2/FrontierDefense_ShieldStatus.res
mods/EladNLG.HUDRevampv2/mod/resource/ui/layouts/Destiny2/Fullscreen.res: R2Northstar/mods/EladNLG.HUDRevampv2/mod/resource/ui/layouts/Destiny2/Fullscreen.res
mods/EladNLG.HUDRevampv2/mod/resource/ui/layouts/Destiny2/GameState.res: R2Northstar/mods/EladNLG.HUDRevampv2/mod/resource/ui/layouts/Destiny2/GameState.res
mods/EladNLG.HUDRevampv2/mod/resource/ui/layouts/Destiny2/Healthbar.res: R2Northstar/mods/EladNLG.HUDRevampv2/mod/resource/ui/layouts/Destiny2/Healthbar.res
mods/EladNLG.HUDRevampv2/mod/resource/ui/layouts/Destiny2/Healthbar_Champion.res: R2Northstar/mods/EladNLG.HUDRevampv2/mod/resource/ui/layouts/Destiny2/Healthbar_Champion.res
mods/EladNLG.HUDRevampv2/mod/resource/ui/layouts/Destiny2/Healthbar_Elite.res: R2Northstar/mods/EladNLG.HUDRevampv2/mod/resource/ui/layouts/Destiny2/Healthbar_Elite.res
mods/EladNLG.HUDRevampv2/mod/resource/ui/layouts/Destiny2/Hud.res: R2Northstar/mods/EladNLG.HUDRevampv2/mod/resource/ui/layouts/Destiny2/Hud.res
mods/EladNLG.HUDRevampv2/mod/resource/ui/layouts/Destiny2/Offhand.res: R2Northstar/mods/EladNLG.HUDRevampv2/mod/resource/ui/layouts/Destiny2/Offhand.res
mods/EladNLG.HUDRevampv2/mod/resource/ui/layouts/HudRevamp/Fullscreen.res: R2Northstar/mods/EladNLG.HUDRevampv2/mod/resource/ui/layouts/HudRevamp/Fullscreen.res
mods/EladNLG.HUDRevampv2/mod/resource/ui/layouts/HudRevamp/GameState.res: R2Northstar/mods/EladNLG.HUDRevampv2/mod/resource/ui/layouts/HudRevamp/GameState.res
mods/EladNLG.HUDRevampv2/mod/resource/ui/layouts/HudRevamp/Healthbar.res: R2Northstar/mods/EladNLG.HUDRevampv2/mod/resource/ui/layouts/HudRevamp/Healthbar.res
mods/EladNLG.HUDRevampv2/mod/resource/ui/layouts/HudRevamp/Healthbar_Titan.res: R2Northstar/mods/EladNLG.HUDRevampv2/mod/resource/ui/layouts/HudRevamp/Healthbar_Titan.res
mods/EladNLG.HUDRevampv2/mod/resource/ui/layouts/HudRevamp/Hud.res: R2Northstar/mods/EladNLG.HUDRevampv2/mod/resource/ui/layouts/HudRevamp/Hud.res
mods/EladNLG.HUDRevampv2/mod/resource/ui/layouts/HudRevamp/cropbar.res: R2Northstar/mods/EladNLG.HUDRevampv2/mod/resource/ui/layouts/HudRevamp/cropbar.res
mods/EladNLG.HUDRevampv2/mod/resource/ui/layouts/HudRevamp/cropbar_fg.res: R2Northstar/mods/EladNLG.HUDRevampv2/mod/resource/ui/layouts/HudRevamp/cropbar_fg.res
mods/EladNLG.HUDRevampv2/mod/resource/ui/layouts/HudRevamp/offhand.res: R2Northstar/mods/EladNLG.HUDRevampv2/mod/resource/ui/layouts/HudRevamp/offhand.res
mods/EladNLG.HUDRevampv2/mod/resource/ui/menus/hud_preview.menu: R2Northstar/mods/EladNLG.HUDRevampv2/mod/resource/ui/menus/hud_preview.menu
mods/EladNLG.HUDRevampv2/mod/scripts/vscripts/cl_damageindicators.gnut: R2Northstar/mods/EladNLG.HUDRevampv2/mod/scripts/vscripts/cl_damageindicators.gnut
mods/EladNLG.HUDRevampv2/mod/scripts/vscripts/class/c_baseentity.nut: R2Northstar/mods/EladNLG.HUDRevampv2/mod/scripts/vscripts/class/c_baseentity.nut
mods/EladNLG.HUDRevampv2/mod/scripts/vscripts/client/cl_announcement.gnut: R2Northstar/mods/EladNLG.HUDRevampv2/mod/scripts/vscripts/client/cl_announcement.gnut
mods/EladNLG.HUDRevampv2/mod/scripts/vscripts/client/cl_gamestate.gnut: R2Northstar/mods/EladNLG.HUDRevampv2/mod/scripts/vscripts/client/cl_gamestate.gnut
mods/EladNLG.HUDRevampv2/mod/scripts/vscripts/client/cl_main_hud.nut: R2Northstar/mods/EladNLG.HUDRevampv2/mod/scripts/vscripts/client/cl_main_hud.nut
mods/EladNLG.HUDRevampv2/mod/scripts/vscripts/client/cl_obituary.gnut: R2Northstar/mods/EladNLG.HUDRevampv2/mod/scripts/vscripts/client/cl_obituary.gnut
mods/EladNLG.HUDRevampv2/mod/scripts/vscripts/client/cl_player.gnut: R2Northstar/mods/EladNLG.HUDRevampv2/mod/scripts/vscripts/client/cl_player.gnut
mods/EladNLG.HUDRevampv2/mod/scripts/vscripts/client/cl_sp_obituary.gnut: R2Northstar/mods/EladNLG.HUDRevampv2/mod/scripts/vscripts/client/cl_sp_obituary.gnut
mods/EladNLG.HUDRevampv2/mod/scripts/vscripts/client/cropbar.nut: R2Northstar/mods/EladNLG.HUDRevampv2/mod/scripts/vscripts/client/cropbar.nut
mods/EladNLG.HUDRevampv2/mod/scripts/vscripts/client/destiny2.nut: R2Northstar/mods/EladNLG.HUDRevampv2/mod/scripts/vscripts/client/destiny2.nut
mods/EladNLG.HUDRevampv2/mod/scripts/vscripts/client/destiny2_ui.nut: R2Northstar/mods/EladNLG.HUDRevampv2/mod/scripts/vscripts/client/destiny2_ui.nut
mods/EladNLG.HUDRevampv2/mod/scripts/vscripts/client/hud_revamp.nut: R2Northstar/mods/EladNLG.HUDRevampv2/mod/scripts/vscripts/client/hud_revamp.nut
mods/EladNLG.HUDRevampv2/mod/scripts/vscripts/client/hud_revamp_layouts.nut: R2Northstar/mods/EladNLG.HUDRevampv2/mod/scripts/vscripts/client/hud_revamp_layouts.nut
mods/EladNLG.HUDRevampv2/mod/scripts/vscripts/client/rui/cl_hud.gnut: R2Northstar/mods/EladNLG.HUDRevampv2/mod/scripts/vscripts/client/rui/cl_hud.gnut
mods/EladNLG.HUDRevampv2/mod/scripts/vscripts/client/rui/cl_sp_hud.gnut: R2Northstar/mods/EladNLG.HUDRevampv2/mod/scripts/vscripts/client/rui/cl_sp_hud.gnut
mods/EladNLG.HUDRevampv2/mod/scripts/vscripts/client/rui/cl_weapon_status.gnut: R2Northstar/mods/EladNLG.HUDRevampv2/mod/scripts/vscripts/client/rui/cl_weapon_status.gnut
mods/EladNLG.HUDRevampv2/mod/scripts/vscripts/earn_meter.gnut: R2Northstar/mods/EladNLG.HUDRevampv2/mod/scripts/vscripts/earn_meter.gnut
mods/EladNLG.HUDRevampv2/mod/scripts/vscripts/earn_meter/cl_earn_meter.gnut: R2Northstar/mods/EladNLG.HUDRevampv2/mod/scripts/vscripts/earn_meter/cl_earn_meter.gnut
mods/EladNLG.HUDRevampv2/mod/scripts/vscripts/gamemodes/cl_gamemode_fd.nut: R2Northstar/mods/EladNLG.HUDRevampv2/mod/scripts/vscripts/gamemodes/cl_gamemode_fd.nut
mods/EladNLG.HUDRevampv2/mod/scripts/vscripts/gamemodes/cl_gamemode_fw.nut: R2Northstar/mods/EladNLG.HUDRevampv2/mod/scripts/vscripts/gamemodes/cl_gamemode_fw.nut
mods/EladNLG.HUDRevampv2/mod/scripts/vscripts/ui/hud_revamp_settings.nut: R2Northstar/mods/EladNLG.HUDRevampv2/mod/scripts/vscripts/ui/hud_revamp_settings.nut
mods/EladNLG.HUDRevampv2/mod/scripts/vscripts/ui/menu_hud_preview.nut: R2Northstar/mods/EladNLG.HUDRevampv2/mod/scripts/vscripts/ui/menu_hud_preview.nut
mods/EladNLG.HUDRevampv2/mod/scripts/vscripts/weapons/cl_team_emp.gnut: R2Northstar/mods/EladNLG.HUDRevampv2/mod/scripts/vscripts/weapons/cl_team_emp.gnut
mods/EladNLG.HUDRevampv2/vpk/client_hud_revamp.bsp.pak000_000.vpk: R2Northstar/mods/EladNLG.HUDRevampv2/vpk/client_hud_revamp.bsp.pak000_000.vpk
mods/EladNLG.HUDRevampv2/vpk/englishclient_hud_revamp.bsp.pak000_dir.vpk: R2Northstar/mods/EladNLG.HUDRevampv2/vpk/englishclient_hud_revamp.bsp.pak000_dir.vpk
