---
source: crates/loadsmith-manifest/src/resolve.rs
assertion_line: 170
expression: lockfile
---
packages:
  - package: olavim-RoundsWithFriends
    version: 2.2.2
    source: thunderstore
    url: "https://thunderstore.io/package/download/olavim/RoundsWithFriends/2.2.2/"
    checksum: ~
    deps:
      - BepInEx-BepInExPack_ROUNDS
      - willis81808-UnboundLib
  - package: BepInEx-BepInExPack_ROUNDS
    version: 5.4.1901
    source: thunderstore
    url: "https://thunderstore.io/package/download/BepInEx/BepInExPack_ROUNDS/5.4.1901/"
    checksum: ~
    deps: []
  - package: willis81808-UnboundLib
    version: 3.2.14
    source: thunderstore
    url: "https://thunderstore.io/package/download/willis81808/UnboundLib/3.2.14/"
    checksum: ~
    deps:
      - BepInEx-BepInExPack_ROUNDS
      - willis81808-MMHook
  - package: willis81808-MMHook
    version: 1.0.0
    source: thunderstore
    url: "https://thunderstore.io/package/download/willis81808/MMHook/1.0.0/"
    checksum: ~
    deps: []
